// Jest Snapshot v1, https://goo.gl/fbAQLP

exports[`NavigationList  renders 1`] = `
<ul class="navigation-list">
  <div><span class="navigation-toggle"><span class="navigation-toggle-icon"></span></span>
    <div class="NavigationItem"><span>Contact</span>
      <!---->
      <!---->
    </div>
  </div>
</ul>
`;
