// Jest Snapshot v1, https://goo.gl/fbAQLP

exports[`NavigationList  renders 1`] = `
<ul class="NavigationList">
  <div><span class="navigation-toggle"><span class="navigation-toggle-icon"></span></span> <span class="NavigationItem"><span>Contact</span>
    <!---->
    <!---->
    </span>
  </div>
</ul>
`;
