// Jest Snapshot v1, https://goo.gl/fbAQLP

exports[`TreeNavigation renders 1`] = `
<div class="tree-navigation">
    <ul>
        <li>
            <a href="#/#" class="router-link">Home</a>
        </li>
        <ul class="navigation-list closed"><span class="navigation-toggle closed"><span class="navigation-toggle-icon"></span></span>
            <a href="#/#" class="router-link">Products</a>
            <ul class="navigation-list closed"><span class="navigation-toggle closed"><span class="navigation-toggle-icon"></span></span>
                <a href="#/#" class="router-link">Running shoes</a>
                <li>
                    <a href="#" class="">Race</a>
                </li>
                <li>
                    <a href="#" class="">Road</a>
                </li>
                <li>
                    <a href="#" class="">Trail</a>
                </li>
            </ul>
            <ul class="navigation-list closed"><span class="navigation-toggle closed"><span class="navigation-toggle-icon"></span></span>
                <a href="#/#" class="router-link">Running clothing</a>
                <li>
                    <a href="#/#" class="router-link">Jackets</a>
                </li>
                <ul class="navigation-list closed"><span class="navigation-toggle closed"><span class="navigation-toggle-icon"></span></span>
                    <a href="#/#" class="router-link">Tops</a>
                    <ul class="navigation-list closed"><span class="navigation-toggle closed"><span class="navigation-toggle-icon"></span></span>
                        <a href="#" class="">Long Sleeve</a>
                        <li>
                            <a href="#" class="">For summer</a>
                        </li>
                        <li>
                            <a href="#" class="">For winter</a>
                        </li>
                    </ul>
                    <li>
                        <a href="#" class="">Short Sleeve</a>
                    </li>
                    <li>
                        <a href="#" class="">Sleeveless</a>
                    </li>
                </ul>
            </ul>
        </ul>
        <ul class="navigation-list closed"><span class="navigation-toggle closed"><span class="navigation-toggle-icon"></span></span> About
            <li>Company</li>
            <li>
                <a href="#" class="">Contact</a>
            </li>
            <li>
                <a href="#" class="">Blog</a>
            </li>
        </ul>
    </ul>
</div>
`;
