// Jest Snapshot v1, https://goo.gl/fbAQLP

exports[`NavigationItem  for a label item renders a span containing the item name 1`] = `
<span class="NavigationItem"><span class="NavigationItem__label">Contact</span>
<!---->
<!---->
<!----></span>
`;

exports[`NavigationItem  for an external item renders a hyperlink with a correct value, location and blank target 1`] = `<span class="NavigationItem"><!----> <!----> <!----> <a href="http://github.com" target="_blank" class="NavigationItem__external-link">Github</a></span>`;

exports[`NavigationItem  with router for a route item renders a hyperlink with a correct location and text 1`] = `<span class="NavigationItem"><!----> <a href="#/about" class="NavigationItem__router-link">About</a> <!----> <!----></span>`;

exports[`NavigationItem  with router for an element item renders a hyperlink with a correct location and text 1`] = `<span class="NavigationItem"><!----> <a href="#/#contact" class="NavigationItem__router-link">Contact</a> <!----> <!----></span>`;

exports[`NavigationItem  without router for a route item renders a hyperlink with a correct location and text 1`] = `<span class="NavigationItem"><!----> <!----> <a href="/about" class="NavigationItem__link">About</a> <!----></span>`;

exports[`NavigationItem  without router for an element item renders a hyperlink with a correct location and text 1`] = `<span class="NavigationItem"><!----> <!----> <a href="/#contact" class="NavigationItem__link">Contact</a> <!----></span>`;
