// Jest Snapshot v1, https://goo.gl/fbAQLP

exports[`TreeNavigation level containing a child with an URL being part of a current URL is rendered as open 1`] = `
<div class="TreeNavigation">
  <div class="NavigationLevel NavigationLevel--level-0">
    <ul>
      <li><span class="NavigationItem"><!----> <a href="#/home" class="NavigationItem__router-link">Home</a> <!----> <!----></span></li>
      <li>
        <div class="NavigationLevel NavigationLevel--closed NavigationLevel--level-1">
          <div class="NavigationLevel__parent"><span class="NavigationToggle NavigationToggle--closed"><span class="NavigationToggle__icon NavigationToggle__icon--closed"></span></span> <span class="NavigationItem"><!----> <a href="#/products" class="NavigationItem__router-link">Products</a> <!----> <!----></span></div>
          <ul class="NavigationLevel__children">
            <li>
              <div class="NavigationLevel NavigationLevel--closed NavigationLevel--level-2">
                <div class="NavigationLevel__parent"><span class="NavigationToggle NavigationToggle--closed"><span class="NavigationToggle__icon NavigationToggle__icon--closed"></span></span> <span class="NavigationItem"><!----> <a href="#/products/shoes" class="NavigationItem__router-link">Running shoes</a> <!----> <!----></span></div>
                <ul class="NavigationLevel__children">
                  <li><span class="NavigationItem"><!----> <a href="#/products/shoes#race" class="NavigationItem__router-link">Race</a> <!----> <!----></span></li>
                  <li><span class="NavigationItem"><!----> <a href="#/products/shoes#road" class="NavigationItem__router-link">Road</a> <!----> <!----></span></li>
                  <li><span class="NavigationItem"><!----> <a href="#/products/shoes#trail" class="NavigationItem__router-link">Trail</a> <!----> <!----></span></li>
                </ul>
              </div>
            </li>
            <li>
              <div class="NavigationLevel NavigationLevel--closed NavigationLevel--level-2">
                <div class="NavigationLevel__parent"><span class="NavigationToggle NavigationToggle--closed"><span class="NavigationToggle__icon NavigationToggle__icon--closed"></span></span> <span class="NavigationItem"><!----> <a href="#/products/clothing" class="NavigationItem__router-link">Running clothing</a> <!----> <!----></span></div>
                <ul class="NavigationLevel__children">
                  <li><span class="NavigationItem"><!----> <a href="#/products/clothing/jackets" class="NavigationItem__router-link">Jackets</a> <!----> <!----></span></li>
                  <li>
                    <div class="NavigationLevel NavigationLevel--closed NavigationLevel--level-3">
                      <div class="NavigationLevel__parent"><span class="NavigationToggle NavigationToggle--closed"><span class="NavigationToggle__icon NavigationToggle__icon--closed"></span></span> <span class="NavigationItem"><!----> <a href="#/products/clothing/tops" class="NavigationItem__router-link">Tops</a> <!----> <!----></span></div>
                      <ul class="NavigationLevel__children">
                        <li>
                          <div class="NavigationLevel NavigationLevel--closed NavigationLevel--level-4">
                            <div class="NavigationLevel__parent"><span class="NavigationToggle NavigationToggle--closed"><span class="NavigationToggle__icon NavigationToggle__icon--closed"></span></span> <span class="NavigationItem"><!----> <a href="#/products/clothing/tops#long-sleeve" class="NavigationItem__router-link">Long Sleeve</a> <!----> <!----></span></div>
                            <ul class="NavigationLevel__children">
                              <li><span class="NavigationItem"><!----> <a href="#/products/clothing/tops#summer" class="NavigationItem__router-link">For summer</a> <!----> <!----></span></li>
                              <li><span class="NavigationItem"><!----> <a href="#/products/clothing/tops#winter" class="NavigationItem__router-link">For winter</a> <!----> <!----></span></li>
                            </ul>
                          </div>
                        </li>
                        <li><span class="NavigationItem"><!----> <a href="#/products/clothing/tops#short-sleeve" class="NavigationItem__router-link">Short Sleeve</a> <!----> <!----></span></li>
                        <li><span class="NavigationItem"><!----> <a href="#/products/clothing/tops#sleeveless" class="NavigationItem__router-link">Sleeveless</a> <!----> <!----></span></li>
                      </ul>
                    </div>
                  </li>
                </ul>
              </div>
            </li>
          </ul>
        </div>
      </li>
      <li>
        <div class="NavigationLevel NavigationLevel--closed NavigationLevel--level-1">
          <div class="NavigationLevel__parent"><span class="NavigationToggle NavigationToggle--closed"><span class="NavigationToggle__icon NavigationToggle__icon--closed"></span></span> <span class="NavigationItem"><span class="NavigationItem__label">About</span>
            <!---->
            <!---->
            <!---->
            </span>
          </div>
          <ul class="NavigationLevel__children">
            <li><span class="NavigationItem"><span class="NavigationItem__label">Company</span>
              <!---->
              <!---->
              <!---->
              </span>
            </li>
            <li><span class="NavigationItem"><!----> <a href="#/#contact" class="NavigationItem__router-link">Contact</a> <!----> <!----></span></li>
            <li><span class="NavigationItem"><!----> <a href="#/#blog" class="NavigationItem__router-link">Blog</a> <!----> <!----></span></li>
          </ul>
        </div>
      </li>
    </ul>
  </div>
</div>
`;
