// Jest Snapshot v1, https://goo.gl/fbAQLP

exports[`TreeNavigation renders 1`] = `
<div class="tree-navigation">
  <ul>
    <li>
      <div class="NavigationItem">
        <!---->
        <!---->
        <a href="#/home" class="router-link">Home</a>
      </div>
    </li>
    <ul class="navigation-list closed">
      <div><span class="navigation-toggle closed"><span class="navigation-toggle-icon"></span></span>
        <div class="NavigationItem">
          <!---->
          <!---->
          <a href="#/products" class="router-link">Products</a>
        </div>
      </div>
      <ul class="navigation-list closed">
        <div><span class="navigation-toggle closed"><span class="navigation-toggle-icon"></span></span>
          <div class="NavigationItem">
            <!---->
            <!---->
            <a href="#/products/shoes" class="router-link">Running shoes</a>
          </div>
        </div>
        <li>
          <div class="NavigationItem">
            <!---->
            <!---->
            <a href="#/products/shoes#race" class="router-link">Race</a>
          </div>
        </li>
        <li>
          <div class="NavigationItem">
            <!---->
            <!---->
            <a href="#/products/shoes#road" class="router-link">Road</a>
          </div>
        </li>
        <li>
          <div class="NavigationItem">
            <!---->
            <!---->
            <a href="#/products/shoes#trail" class="router-link">Trail</a>
          </div>
        </li>
      </ul>
      <ul class="navigation-list closed">
        <div><span class="navigation-toggle closed"><span class="navigation-toggle-icon"></span></span>
          <div class="NavigationItem">
            <!---->
            <!---->
            <a href="#/products/clothing" class="router-link">Running clothing</a>
          </div>
        </div>
        <li>
          <div class="NavigationItem">
            <!---->
            <!---->
            <a href="#/products/clothing/jackets" class="router-link">Jackets</a>
          </div>
        </li>
        <ul class="navigation-list closed">
          <div><span class="navigation-toggle closed"><span class="navigation-toggle-icon"></span></span>
            <div class="NavigationItem">
              <!---->
              <!---->
              <a href="#/products/clothing/tops" class="router-link">Tops</a>
            </div>
          </div>
          <ul class="navigation-list closed">
            <div><span class="navigation-toggle closed"><span class="navigation-toggle-icon"></span></span>
              <div class="NavigationItem">
                <!---->
                <!---->
                <a href="#/products/clothing/tops#long-sleeve" class="router-link">Long Sleeve</a>
              </div>
            </div>
            <li>
              <div class="NavigationItem">
                <!---->
                <!---->
                <a href="#/products/clothing/tops#summer" class="router-link">For summer</a>
              </div>
            </li>
            <li>
              <div class="NavigationItem">
                <!---->
                <!---->
                <a href="#/products/clothing/tops#winter" class="router-link">For winter</a>
              </div>
            </li>
          </ul>
          <li>
            <div class="NavigationItem">
              <!---->
              <!---->
              <a href="#/products/clothing/tops#short-sleeve" class="router-link">Short Sleeve</a>
            </div>
          </li>
          <li>
            <div class="NavigationItem">
              <!---->
              <!---->
              <a href="#/products/clothing/tops#sleeveless" class="router-link">Sleeveless</a>
            </div>
          </li>
        </ul>
      </ul>
    </ul>
    <ul class="navigation-list closed">
      <div><span class="navigation-toggle closed"><span class="navigation-toggle-icon"></span></span>
        <div class="NavigationItem"><span>About</span>
          <!---->
          <!---->
        </div>
      </div>
      <li>
        <div class="NavigationItem"><span>Company</span>
          <!---->
          <!---->
        </div>
      </li>
      <li>
        <div class="NavigationItem">
          <!---->
          <a href="#contact">Contact</a>
          <!---->
        </div>
      </li>
      <li>
        <div class="NavigationItem">
          <!---->
          <a href="#blog">Blog</a>
          <!---->
        </div>
      </li>
    </ul>
  </ul>
</div>
`;
