// Jest Snapshot v1, https://goo.gl/fbAQLP

exports[`TreeNavigation lists containing a child with an URL being part of a current URL are rendered as open 1`] = `
<div class="TreeNavigation">
  <ul class="NavigationLevel NavigationLevel--level-0">
    <li><span class="NavigationItem"><!----> <!----> <a href="/home">Home</a> <!----></span></li>
    <li>
      <ul class="NavigationLevel NavigationLevel--level-1">
        <li><span class="NavigationToggle"><span class="NavigationToggle__icon"></span></span> <span class="NavigationItem"><!----> <!----> <a href="/products">Products</a> <!----></span></li>
        <li>
          <ul class="NavigationLevel NavigationLevel--closed NavigationLevel--level-2">
            <li><span class="NavigationToggle NavigationToggle--closed"><span class="NavigationToggle__icon NavigationToggle__icon--closed"></span></span> <span class="NavigationItem"><!----> <!----> <a href="/products/shoes">Running shoes</a> <!----></span></li>
            <li><span class="NavigationItem"><!----> <!----> <a href="/products/shoes#race">Race</a> <!----></span></li>
            <li><span class="NavigationItem"><!----> <!----> <a href="/products/shoes#road">Road</a> <!----></span></li>
            <li><span class="NavigationItem"><!----> <!----> <a href="/products/shoes#trail">Trail</a> <!----></span></li>
          </ul>
        </li>
        <li>
          <ul class="NavigationLevel NavigationLevel--level-2">
            <li><span class="NavigationToggle"><span class="NavigationToggle__icon"></span></span> <span class="NavigationItem"><!----> <!----> <a href="/products/clothing">Running clothing</a> <!----></span></li>
            <li><span class="NavigationItem"><!----> <!----> <a href="/products/clothing/jackets">Jackets</a> <!----></span></li>
            <li>
              <ul class="NavigationLevel NavigationLevel--level-3">
                <li><span class="NavigationToggle"><span class="NavigationToggle__icon"></span></span> <span class="NavigationItem"><!----> <!----> <a href="/products/clothing/tops">Tops</a> <!----></span></li>
                <li>
                  <ul class="NavigationLevel NavigationLevel--level-4">
                    <li><span class="NavigationToggle"><span class="NavigationToggle__icon"></span></span> <span class="NavigationItem"><!----> <!----> <a href="/products/clothing/tops#long-sleeve">Long Sleeve</a> <!----></span></li>
                    <li><span class="NavigationItem NavigationItem--active"><!----> <!----> <a href="/products/clothing/tops#summer">For summer</a> <!----></span></li>
                    <li><span class="NavigationItem"><!----> <!----> <a href="/products/clothing/tops#winter">For winter</a> <!----></span></li>
                  </ul>
                </li>
                <li><span class="NavigationItem"><!----> <!----> <a href="/products/clothing/tops#short-sleeve">Short Sleeve</a> <!----></span></li>
                <li><span class="NavigationItem"><!----> <!----> <a href="/products/clothing/tops#sleeveless">Sleeveless</a> <!----></span></li>
              </ul>
            </li>
          </ul>
        </li>
      </ul>
    </li>
    <li>
      <ul class="NavigationLevel NavigationLevel--closed NavigationLevel--level-1">
        <li><span class="NavigationToggle NavigationToggle--closed"><span class="NavigationToggle__icon NavigationToggle__icon--closed"></span></span> <span class="NavigationItem"><span>About</span>
          <!---->
          <!---->
          <!---->
          </span>
        </li>
        <li><span class="NavigationItem"><span>Company</span>
          <!---->
          <!---->
          <!---->
          </span>
        </li>
        <li><span class="NavigationItem"><!----> <!----> <a href="/#contact">Contact</a> <!----></span></li>
        <li><span class="NavigationItem"><!----> <!----> <a href="/#blog">Blog</a> <!----></span></li>
      </ul>
    </li>
  </ul>
</div>
`;

exports[`TreeNavigation renders 1`] = `
<div class="TreeNavigation">
  <ul class="NavigationLevel NavigationLevel--level-0">
    <li><span class="NavigationItem"><!----> <a href="#/home" class="">Home</a> <!----> <!----></span></li>
    <li>
      <ul class="NavigationLevel NavigationLevel--closed NavigationLevel--level-1">
        <li><span class="NavigationToggle NavigationToggle--closed"><span class="NavigationToggle__icon NavigationToggle__icon--closed"></span></span> <span class="NavigationItem"><!----> <a href="#/products" class="">Products</a> <!----> <!----></span></li>
        <li>
          <ul class="NavigationLevel NavigationLevel--closed NavigationLevel--level-2">
            <li><span class="NavigationToggle NavigationToggle--closed"><span class="NavigationToggle__icon NavigationToggle__icon--closed"></span></span> <span class="NavigationItem"><!----> <a href="#/products/shoes" class="">Running shoes</a> <!----> <!----></span></li>
            <li><span class="NavigationItem"><!----> <a href="#/products/shoes#race" class="">Race</a> <!----> <!----></span></li>
            <li><span class="NavigationItem"><!----> <a href="#/products/shoes#road" class="">Road</a> <!----> <!----></span></li>
            <li><span class="NavigationItem"><!----> <a href="#/products/shoes#trail" class="">Trail</a> <!----> <!----></span></li>
          </ul>
        </li>
        <li>
          <ul class="NavigationLevel NavigationLevel--closed NavigationLevel--level-2">
            <li><span class="NavigationToggle NavigationToggle--closed"><span class="NavigationToggle__icon NavigationToggle__icon--closed"></span></span> <span class="NavigationItem"><!----> <a href="#/products/clothing" class="">Running clothing</a> <!----> <!----></span></li>
            <li><span class="NavigationItem"><!----> <a href="#/products/clothing/jackets" class="">Jackets</a> <!----> <!----></span></li>
            <li>
              <ul class="NavigationLevel NavigationLevel--closed NavigationLevel--level-3">
                <li><span class="NavigationToggle NavigationToggle--closed"><span class="NavigationToggle__icon NavigationToggle__icon--closed"></span></span> <span class="NavigationItem"><!----> <a href="#/products/clothing/tops" class="">Tops</a> <!----> <!----></span></li>
                <li>
                  <ul class="NavigationLevel NavigationLevel--closed NavigationLevel--level-4">
                    <li><span class="NavigationToggle NavigationToggle--closed"><span class="NavigationToggle__icon NavigationToggle__icon--closed"></span></span> <span class="NavigationItem"><!----> <a href="#/products/clothing/tops#long-sleeve" class="">Long Sleeve</a> <!----> <!----></span></li>
                    <li><span class="NavigationItem"><!----> <a href="#/products/clothing/tops#summer" class="">For summer</a> <!----> <!----></span></li>
                    <li><span class="NavigationItem"><!----> <a href="#/products/clothing/tops#winter" class="">For winter</a> <!----> <!----></span></li>
                  </ul>
                </li>
                <li><span class="NavigationItem"><!----> <a href="#/products/clothing/tops#short-sleeve" class="">Short Sleeve</a> <!----> <!----></span></li>
                <li><span class="NavigationItem"><!----> <a href="#/products/clothing/tops#sleeveless" class="">Sleeveless</a> <!----> <!----></span></li>
              </ul>
            </li>
          </ul>
        </li>
      </ul>
    </li>
    <li>
      <ul class="NavigationLevel NavigationLevel--closed NavigationLevel--level-1">
        <li><span class="NavigationToggle NavigationToggle--closed"><span class="NavigationToggle__icon NavigationToggle__icon--closed"></span></span> <span class="NavigationItem"><span>About</span>
          <!---->
          <!---->
          <!---->
          </span>
        </li>
        <li><span class="NavigationItem"><span>Company</span>
          <!---->
          <!---->
          <!---->
          </span>
        </li>
        <li><span class="NavigationItem"><!----> <a href="#/#contact" class="">Contact</a> <!----> <!----></span></li>
        <li><span class="NavigationItem"><!----> <a href="#/#blog" class="">Blog</a> <!----> <!----></span></li>
      </ul>
    </li>
  </ul>
</div>
`;
